// Jest Snapshot v1, https://goo.gl/fbAQLP

exports[`settings actions import/export csv format creates new tags and txs 1`] = `
{
  "errorReason": "-0.7 is not in a valid amount format",
  "profile": {},
  "tags": {
    "0": {
      "automatic": false,
      "id": 0,
      "name": "Tickets",
      "uid": null,
    },
  },
  "transactions": {
    "1": {
      "amount": 1,
      "currency": "EUR",
      "dateTime": 2017-08-19T00:00:00.000Z,
      "id": 1,
      "note": "",
      "repeating": "none",
      "tagIds": [
        "id1",
        0,
      ],
      "type": "expense",
      "uid": null,
    },
  },
}
`;

exports[`settings actions import/export csv format creates new tags and txs 2`] = `
{
  "errorReason": undefined,
  "profile": {},
  "tags": {
    "2": {
      "automatic": false,
      "id": 2,
      "name": "A",
      "uid": null,
    },
    "3": {
      "automatic": false,
      "id": 3,
      "name": "B",
      "uid": null,
    },
    "4": {
      "automatic": false,
      "id": 4,
      "name": "C",
      "uid": null,
    },
  },
  "transactions": {
    "5": {
      "amount": 1.56,
      "currency": "EUR",
      "dateTime": 2016-02-16T00:00:00.000Z,
      "id": 5,
      "note": "",
      "repeating": "monthly",
      "tagIds": [
        2,
        3,
        4,
      ],
      "type": "expense",
      "uid": null,
    },
  },
}
`;

exports[`settings actions import/export csv format exporting imported txs yields identity 1`] = `"2017-08-19T00:00:00.000Z,1,expense,Travel|Tickets,,EUR,none"`;
